mode: atomic
github.com/rweebs/cdc-bowo/internal/app/utils/data_mapper.go:10.90,35.2 1 7
github.com/rweebs/cdc-bowo/internal/app/utils/data_mapper.go:37.94,38.31 1 6
github.com/rweebs/cdc-bowo/internal/app/utils/data_mapper.go:38.31,40.38 2 4
github.com/rweebs/cdc-bowo/internal/app/utils/data_mapper.go:40.38,42.4 1 6
github.com/rweebs/cdc-bowo/internal/app/utils/data_mapper.go:43.3,43.37 1 4
github.com/rweebs/cdc-bowo/internal/app/utils/data_mapper.go:45.2,45.32 1 6
github.com/rweebs/cdc-bowo/internal/app/utils/data_mapper.go:45.32,47.38 2 4
github.com/rweebs/cdc-bowo/internal/app/utils/data_mapper.go:47.38,49.4 1 6
github.com/rweebs/cdc-bowo/internal/app/utils/data_mapper.go:50.3,50.39 1 4
github.com/rweebs/cdc-bowo/internal/app/utils/data_mapper.go:52.2,52.13 1 6
github.com/rweebs/cdc-bowo/internal/app/utils/data_mapper.go:55.91,56.31 1 3
github.com/rweebs/cdc-bowo/internal/app/utils/data_mapper.go:56.31,58.39 2 2
github.com/rweebs/cdc-bowo/internal/app/utils/data_mapper.go:58.39,60.4 1 2
github.com/rweebs/cdc-bowo/internal/app/utils/data_mapper.go:61.3,61.32 1 2
github.com/rweebs/cdc-bowo/internal/app/utils/data_mapper.go:63.2,63.32 1 3
github.com/rweebs/cdc-bowo/internal/app/utils/data_mapper.go:63.32,65.39 2 2
github.com/rweebs/cdc-bowo/internal/app/utils/data_mapper.go:65.39,67.4 1 2
github.com/rweebs/cdc-bowo/internal/app/utils/data_mapper.go:68.3,68.39 1 2
github.com/rweebs/cdc-bowo/internal/app/utils/data_mapper.go:70.2,70.13 1 3
github.com/rweebs/cdc-bowo/internal/app/utils/data_mapper.go:73.95,74.31 1 0
github.com/rweebs/cdc-bowo/internal/app/utils/data_mapper.go:74.31,76.39 2 0
github.com/rweebs/cdc-bowo/internal/app/utils/data_mapper.go:76.39,77.20 1 0
github.com/rweebs/cdc-bowo/internal/app/utils/data_mapper.go:77.20,79.5 1 0
github.com/rweebs/cdc-bowo/internal/app/utils/data_mapper.go:79.10,81.5 1 0
github.com/rweebs/cdc-bowo/internal/app/utils/data_mapper.go:84.3,84.32 1 0
github.com/rweebs/cdc-bowo/internal/app/utils/data_mapper.go:86.2,86.32 1 0
github.com/rweebs/cdc-bowo/internal/app/utils/data_mapper.go:86.32,88.39 2 0
github.com/rweebs/cdc-bowo/internal/app/utils/data_mapper.go:88.39,89.20 1 0
github.com/rweebs/cdc-bowo/internal/app/utils/data_mapper.go:89.20,91.5 1 0
github.com/rweebs/cdc-bowo/internal/app/utils/data_mapper.go:91.10,93.5 1 0
github.com/rweebs/cdc-bowo/internal/app/utils/data_mapper.go:95.3,95.39 1 0
github.com/rweebs/cdc-bowo/internal/app/utils/data_mapper.go:97.2,97.13 1 0
github.com/rweebs/cdc-bowo/internal/app/utils/data_mapper.go:99.96,102.2 2 1
github.com/rweebs/cdc-bowo/internal/app/utils/data_mapper.go:104.90,107.2 2 1
github.com/rweebs/cdc-bowo/internal/app/utils/data_mapper.go:109.92,110.39 1 4
github.com/rweebs/cdc-bowo/internal/app/utils/data_mapper.go:110.39,112.3 1 4
github.com/rweebs/cdc-bowo/internal/app/utils/data_mapper.go:113.2,113.13 1 4
github.com/rweebs/cdc-bowo/internal/app/utils/data_mapper.go:116.96,117.39 1 8
github.com/rweebs/cdc-bowo/internal/app/utils/data_mapper.go:117.39,119.3 1 8
github.com/rweebs/cdc-bowo/internal/app/utils/data_mapper.go:120.2,120.13 1 8
github.com/rweebs/cdc-bowo/internal/app/utils/data_mapper.go:122.93,123.31 1 7
github.com/rweebs/cdc-bowo/internal/app/utils/data_mapper.go:123.31,126.41 3 5
github.com/rweebs/cdc-bowo/internal/app/utils/data_mapper.go:126.41,129.24 3 9
github.com/rweebs/cdc-bowo/internal/app/utils/data_mapper.go:129.24,130.35 1 57
github.com/rweebs/cdc-bowo/internal/app/utils/data_mapper.go:130.35,132.6 1 9
github.com/rweebs/cdc-bowo/internal/app/utils/data_mapper.go:135.3,136.38 2 5
github.com/rweebs/cdc-bowo/internal/app/utils/data_mapper.go:138.2,138.32 1 7
github.com/rweebs/cdc-bowo/internal/app/utils/data_mapper.go:138.32,141.41 3 4
github.com/rweebs/cdc-bowo/internal/app/utils/data_mapper.go:141.41,144.24 3 8
github.com/rweebs/cdc-bowo/internal/app/utils/data_mapper.go:144.24,145.35 1 54
github.com/rweebs/cdc-bowo/internal/app/utils/data_mapper.go:145.35,147.6 1 4
github.com/rweebs/cdc-bowo/internal/app/utils/data_mapper.go:150.3,151.38 2 4
github.com/rweebs/cdc-bowo/internal/app/utils/data_mapper.go:153.2,153.13 1 7
github.com/rweebs/cdc-bowo/internal/app/utils/data_mapper.go:156.97,159.40 2 6
github.com/rweebs/cdc-bowo/internal/app/utils/data_mapper.go:159.40,160.35 1 12
github.com/rweebs/cdc-bowo/internal/app/utils/data_mapper.go:160.35,161.46 1 81
github.com/rweebs/cdc-bowo/internal/app/utils/data_mapper.go:161.46,163.5 1 11
github.com/rweebs/cdc-bowo/internal/app/utils/data_mapper.go:166.2,167.31 2 6
github.com/rweebs/cdc-bowo/internal/app/utils/data_mapper.go:167.31,170.41 3 4
github.com/rweebs/cdc-bowo/internal/app/utils/data_mapper.go:170.41,173.24 3 8
github.com/rweebs/cdc-bowo/internal/app/utils/data_mapper.go:173.24,174.35 1 54
github.com/rweebs/cdc-bowo/internal/app/utils/data_mapper.go:174.35,176.6 1 0
github.com/rweebs/cdc-bowo/internal/app/utils/data_mapper.go:180.3,181.38 2 4
github.com/rweebs/cdc-bowo/internal/app/utils/data_mapper.go:183.2,183.32 1 6
github.com/rweebs/cdc-bowo/internal/app/utils/data_mapper.go:183.32,186.41 3 4
github.com/rweebs/cdc-bowo/internal/app/utils/data_mapper.go:186.41,189.24 3 8
github.com/rweebs/cdc-bowo/internal/app/utils/data_mapper.go:189.24,190.35 1 54
github.com/rweebs/cdc-bowo/internal/app/utils/data_mapper.go:190.35,192.6 1 0
github.com/rweebs/cdc-bowo/internal/app/utils/data_mapper.go:195.3,196.38 2 4
github.com/rweebs/cdc-bowo/internal/app/utils/data_mapper.go:198.2,198.13 1 6
github.com/rweebs/cdc-bowo/internal/app/utils/data_mapper.go:201.54,219.2 1 0
github.com/rweebs/cdc-bowo/internal/app/utils/data_mapper.go:220.108,222.42 2 0
github.com/rweebs/cdc-bowo/internal/app/utils/data_mapper.go:222.42,223.35 1 0
github.com/rweebs/cdc-bowo/internal/app/utils/data_mapper.go:223.35,224.45 1 0
github.com/rweebs/cdc-bowo/internal/app/utils/data_mapper.go:224.45,227.78 3 0
github.com/rweebs/cdc-bowo/internal/app/utils/data_mapper.go:227.78,229.6 1 0
github.com/rweebs/cdc-bowo/internal/app/utils/data_mapper.go:233.2,234.13 2 0
github.com/rweebs/cdc-bowo/internal/app/utils/data_mapper.go:243.94,244.31 1 33
github.com/rweebs/cdc-bowo/internal/app/utils/data_mapper.go:244.31,247.3 2 1
github.com/rweebs/cdc-bowo/internal/app/utils/data_mapper.go:248.2,248.33 1 32
github.com/rweebs/cdc-bowo/internal/app/utils/data_mapper.go:248.33,250.3 1 4
github.com/rweebs/cdc-bowo/internal/app/utils/data_mapper.go:251.2,251.34 1 32
github.com/rweebs/cdc-bowo/internal/app/utils/data_mapper.go:251.34,253.3 1 7
github.com/rweebs/cdc-bowo/internal/app/utils/data_mapper.go:254.2,254.32 1 32
github.com/rweebs/cdc-bowo/internal/app/utils/data_mapper.go:254.32,256.3 1 3
github.com/rweebs/cdc-bowo/internal/app/utils/data_mapper.go:257.2,257.31 1 32
github.com/rweebs/cdc-bowo/internal/app/utils/data_mapper.go:257.31,259.3 1 7
github.com/rweebs/cdc-bowo/internal/app/utils/data_mapper.go:265.2,265.13 1 32
github.com/rweebs/cdc-bowo/internal/app/utils/data_mapper.go:268.98,269.33 1 24
github.com/rweebs/cdc-bowo/internal/app/utils/data_mapper.go:269.33,270.39 1 4
github.com/rweebs/cdc-bowo/internal/app/utils/data_mapper.go:270.39,272.4 1 1
github.com/rweebs/cdc-bowo/internal/app/utils/data_mapper.go:273.3,273.14 1 4
github.com/rweebs/cdc-bowo/internal/app/utils/data_mapper.go:275.2,275.33 1 20
github.com/rweebs/cdc-bowo/internal/app/utils/data_mapper.go:275.33,277.3 1 8
github.com/rweebs/cdc-bowo/internal/app/utils/data_mapper.go:278.2,278.34 1 20
github.com/rweebs/cdc-bowo/internal/app/utils/data_mapper.go:278.34,280.3 1 6
github.com/rweebs/cdc-bowo/internal/app/utils/data_mapper.go:281.2,281.32 1 20
github.com/rweebs/cdc-bowo/internal/app/utils/data_mapper.go:281.32,283.3 1 0
github.com/rweebs/cdc-bowo/internal/app/utils/data_mapper.go:284.2,284.31 1 20
github.com/rweebs/cdc-bowo/internal/app/utils/data_mapper.go:284.31,286.3 1 6
github.com/rweebs/cdc-bowo/internal/app/utils/data_mapper.go:290.2,290.13 1 20
github.com/rweebs/cdc-bowo/internal/app/utils/error.go:3.28,4.16 1 0
github.com/rweebs/cdc-bowo/internal/app/utils/error.go:4.16,5.13 1 0
github.com/rweebs/cdc-bowo/internal/app/utils/init_transform_list.go:12.84,15.38 2 0
github.com/rweebs/cdc-bowo/internal/app/utils/init_transform_list.go:15.38,20.3 4 0
github.com/rweebs/cdc-bowo/internal/app/utils/init_transform_list.go:22.2,22.39 1 0
github.com/rweebs/cdc-bowo/internal/app/utils/init_transform_list.go:22.39,27.3 4 0
github.com/rweebs/cdc-bowo/internal/app/utils/init_transform_list.go:29.2,29.50 1 0
github.com/rweebs/cdc-bowo/internal/app/utils/init_transform_list.go:29.50,34.3 4 0
github.com/rweebs/cdc-bowo/internal/app/utils/init_transform_list.go:36.2,36.43 1 0
github.com/rweebs/cdc-bowo/internal/app/utils/init_transform_list.go:36.43,41.3 4 0
github.com/rweebs/cdc-bowo/internal/app/utils/init_transform_list.go:43.2,43.41 1 0
github.com/rweebs/cdc-bowo/internal/app/utils/init_transform_list.go:43.41,48.3 4 0
github.com/rweebs/cdc-bowo/internal/app/utils/init_transform_list.go:50.2,50.40 1 0
github.com/rweebs/cdc-bowo/internal/app/utils/init_transform_list.go:50.40,55.3 4 0
github.com/rweebs/cdc-bowo/internal/app/utils/init_transform_list.go:57.2,57.38 1 0
github.com/rweebs/cdc-bowo/internal/app/utils/init_transform_list.go:57.38,62.3 4 0
github.com/rweebs/cdc-bowo/internal/app/utils/init_transform_list.go:63.2,63.40 1 0
github.com/rweebs/cdc-bowo/internal/app/utils/init_transform_list.go:63.40,68.3 4 0
github.com/rweebs/cdc-bowo/internal/app/utils/init_transform_list.go:69.2,69.22 1 0
github.com/rweebs/cdc-bowo/internal/app/utils/init_transform_list.go:72.107,75.16 3 64
github.com/rweebs/cdc-bowo/internal/app/utils/init_transform_list.go:75.16,77.3 1 0
github.com/rweebs/cdc-bowo/internal/app/utils/init_transform_list.go:78.2,78.37 1 64
github.com/rweebs/cdc-bowo/internal/app/utils/init_transform_list.go:78.37,84.115 5 1660
github.com/rweebs/cdc-bowo/internal/app/utils/init_transform_list.go:84.115,86.45 2 115
github.com/rweebs/cdc-bowo/internal/app/utils/init_transform_list.go:86.45,88.5 1 115
github.com/rweebs/cdc-bowo/internal/app/utils/init_transform_list.go:88.10,90.5 1 0
github.com/rweebs/cdc-bowo/internal/app/utils/init_transform_list.go:91.4,98.39 4 115
github.com/rweebs/cdc-bowo/internal/app/utils/init_transform_list.go:100.9,100.123 1 1545
github.com/rweebs/cdc-bowo/internal/app/utils/init_transform_list.go:100.123,103.45 2 116
github.com/rweebs/cdc-bowo/internal/app/utils/init_transform_list.go:103.45,105.5 1 116
github.com/rweebs/cdc-bowo/internal/app/utils/init_transform_list.go:105.10,107.5 1 0
github.com/rweebs/cdc-bowo/internal/app/utils/init_transform_list.go:108.4,115.39 4 116
github.com/rweebs/cdc-bowo/internal/app/utils/init_transform_list.go:116.9,116.87 1 1429
github.com/rweebs/cdc-bowo/internal/app/utils/init_transform_list.go:116.87,119.41 2 343
github.com/rweebs/cdc-bowo/internal/app/utils/init_transform_list.go:119.41,121.5 1 343
github.com/rweebs/cdc-bowo/internal/app/utils/init_transform_list.go:121.10,123.5 1 0
github.com/rweebs/cdc-bowo/internal/app/utils/init_transform_list.go:124.4,132.39 4 343
github.com/rweebs/cdc-bowo/internal/app/utils/init_transform_list.go:133.9,133.86 1 1086
github.com/rweebs/cdc-bowo/internal/app/utils/init_transform_list.go:133.86,136.41 2 172
github.com/rweebs/cdc-bowo/internal/app/utils/init_transform_list.go:136.41,138.5 1 172
github.com/rweebs/cdc-bowo/internal/app/utils/init_transform_list.go:138.10,140.5 1 0
github.com/rweebs/cdc-bowo/internal/app/utils/init_transform_list.go:141.4,161.39 9 172
github.com/rweebs/cdc-bowo/internal/app/utils/init_transform_list.go:162.9,162.123 1 914
github.com/rweebs/cdc-bowo/internal/app/utils/init_transform_list.go:162.123,165.45 2 0
github.com/rweebs/cdc-bowo/internal/app/utils/init_transform_list.go:165.45,167.5 1 0
github.com/rweebs/cdc-bowo/internal/app/utils/init_transform_list.go:167.10,169.5 1 0
github.com/rweebs/cdc-bowo/internal/app/utils/init_transform_list.go:170.4,177.39 4 0
github.com/rweebs/cdc-bowo/internal/app/utils/init_transform_list.go:178.9,178.33 1 914
github.com/rweebs/cdc-bowo/internal/app/utils/init_transform_list.go:178.33,181.46 2 514
github.com/rweebs/cdc-bowo/internal/app/utils/init_transform_list.go:181.46,183.5 1 514
github.com/rweebs/cdc-bowo/internal/app/utils/init_transform_list.go:183.10,185.5 1 0
github.com/rweebs/cdc-bowo/internal/app/utils/init_transform_list.go:186.4,197.40 6 514
github.com/rweebs/cdc-bowo/internal/app/utils/init_transform_list.go:197.40,199.5 1 1312
github.com/rweebs/cdc-bowo/internal/app/utils/init_transform_list.go:200.4,207.39 4 514
github.com/rweebs/cdc-bowo/internal/app/utils/init_transform_list.go:208.9,208.92 1 400
github.com/rweebs/cdc-bowo/internal/app/utils/init_transform_list.go:208.92,229.22 8 115
github.com/rweebs/cdc-bowo/internal/app/utils/init_transform_list.go:229.22,232.5 2 115
github.com/rweebs/cdc-bowo/internal/app/utils/init_transform_list.go:232.10,235.5 2 0
github.com/rweebs/cdc-bowo/internal/app/utils/init_transform_list.go:237.4,243.39 4 115
github.com/rweebs/cdc-bowo/internal/app/utils/init_transform_list.go:247.2,247.46 1 64
github.com/rweebs/cdc-bowo/internal/app/utils/init_transform_list.go:247.46,250.40 3 114
github.com/rweebs/cdc-bowo/internal/app/utils/init_transform_list.go:250.40,252.4 1 228
github.com/rweebs/cdc-bowo/internal/app/utils/init_transform_list.go:253.3,254.38 2 114
github.com/rweebs/cdc-bowo/internal/app/utils/init_transform_list.go:256.2,256.49 1 64
github.com/rweebs/cdc-bowo/internal/app/utils/init_transform_list.go:256.49,267.3 6 57
github.com/rweebs/cdc-bowo/internal/app/utils/init_transform_list.go:268.2,268.40 1 64
github.com/rweebs/cdc-bowo/internal/app/utils/init_transform_list.go:268.40,276.3 7 172
github.com/rweebs/cdc-bowo/internal/app/utils/init_transform_list.go:277.2,277.40 1 64
github.com/rweebs/cdc-bowo/internal/app/utils/init_transform_list.go:277.40,285.3 7 172
github.com/rweebs/cdc-bowo/internal/app/utils/init_transform_list.go:286.2,289.22 2 64
github.com/rweebs/cdc-bowo/internal/app/utils/init_transform_list.go:292.101,295.43 2 40
github.com/rweebs/cdc-bowo/internal/app/utils/init_transform_list.go:295.43,300.3 4 99
github.com/rweebs/cdc-bowo/internal/app/utils/init_transform_list.go:302.2,302.48 1 40
github.com/rweebs/cdc-bowo/internal/app/utils/init_transform_list.go:302.48,308.3 4 33
github.com/rweebs/cdc-bowo/internal/app/utils/init_transform_list.go:333.2,333.22 1 40
github.com/rweebs/cdc-bowo/internal/app/utils/init_transform_list.go:336.105,338.43 2 24
github.com/rweebs/cdc-bowo/internal/app/utils/init_transform_list.go:338.43,341.72 2 72
github.com/rweebs/cdc-bowo/internal/app/utils/init_transform_list.go:341.72,342.75 1 216
github.com/rweebs/cdc-bowo/internal/app/utils/init_transform_list.go:342.75,344.5 1 72
github.com/rweebs/cdc-bowo/internal/app/utils/init_transform_list.go:346.3,348.38 3 72
github.com/rweebs/cdc-bowo/internal/app/utils/init_transform_list.go:350.2,350.48 1 24
github.com/rweebs/cdc-bowo/internal/app/utils/init_transform_list.go:350.48,359.3 4 24
github.com/rweebs/cdc-bowo/internal/app/utils/init_transform_list.go:360.2,360.46 1 24
github.com/rweebs/cdc-bowo/internal/app/utils/init_transform_list.go:360.46,361.22 1 48
github.com/rweebs/cdc-bowo/internal/app/utils/init_transform_list.go:361.22,362.41 1 24
github.com/rweebs/cdc-bowo/internal/app/utils/init_transform_list.go:362.41,369.5 6 48
github.com/rweebs/cdc-bowo/internal/app/utils/init_transform_list.go:373.2,373.22 1 24
github.com/rweebs/cdc-bowo/internal/app/utils/sql_builder.go:25.78,30.52 3 168
github.com/rweebs/cdc-bowo/internal/app/utils/sql_builder.go:30.52,31.24 1 396
github.com/rweebs/cdc-bowo/internal/app/utils/sql_builder.go:31.24,33.4 1 168
github.com/rweebs/cdc-bowo/internal/app/utils/sql_builder.go:35.2,35.41 1 0
github.com/rweebs/cdc-bowo/internal/app/utils/sql_builder.go:37.68,39.46 2 82
github.com/rweebs/cdc-bowo/internal/app/utils/sql_builder.go:39.46,42.3 2 54
github.com/rweebs/cdc-bowo/internal/app/utils/sql_builder.go:43.2,43.41 1 82
github.com/rweebs/cdc-bowo/internal/app/utils/sql_builder.go:43.41,46.3 2 4
github.com/rweebs/cdc-bowo/internal/app/utils/sql_builder.go:47.2,47.36 1 82
github.com/rweebs/cdc-bowo/internal/app/utils/sql_builder.go:47.36,50.3 2 8
github.com/rweebs/cdc-bowo/internal/app/utils/sql_builder.go:51.2,51.41 1 82
github.com/rweebs/cdc-bowo/internal/app/utils/sql_builder.go:51.41,54.3 1 12
github.com/rweebs/cdc-bowo/internal/app/utils/sql_builder.go:55.2,55.36 1 82
github.com/rweebs/cdc-bowo/internal/app/utils/sql_builder.go:55.36,57.3 1 4
github.com/rweebs/cdc-bowo/internal/app/utils/sql_builder.go:59.2,59.15 1 82
github.com/rweebs/cdc-bowo/internal/app/utils/sql_builder.go:61.83,63.46 2 0
github.com/rweebs/cdc-bowo/internal/app/utils/sql_builder.go:63.46,65.3 1 0
github.com/rweebs/cdc-bowo/internal/app/utils/sql_builder.go:66.2,66.41 1 0
github.com/rweebs/cdc-bowo/internal/app/utils/sql_builder.go:66.41,68.3 1 0
github.com/rweebs/cdc-bowo/internal/app/utils/sql_builder.go:69.2,69.36 1 0
github.com/rweebs/cdc-bowo/internal/app/utils/sql_builder.go:69.36,72.3 2 0
github.com/rweebs/cdc-bowo/internal/app/utils/sql_builder.go:73.2,73.41 1 0
github.com/rweebs/cdc-bowo/internal/app/utils/sql_builder.go:73.41,75.3 1 0
github.com/rweebs/cdc-bowo/internal/app/utils/sql_builder.go:76.2,76.36 1 0
github.com/rweebs/cdc-bowo/internal/app/utils/sql_builder.go:76.36,78.3 1 0
github.com/rweebs/cdc-bowo/internal/app/utils/sql_builder.go:79.2,79.15 1 0
github.com/rweebs/cdc-bowo/internal/app/utils/sql_builder.go:264.155,270.31 6 63
github.com/rweebs/cdc-bowo/internal/app/utils/sql_builder.go:270.31,274.55 4 6
github.com/rweebs/cdc-bowo/internal/app/utils/sql_builder.go:274.55,277.4 2 2
github.com/rweebs/cdc-bowo/internal/app/utils/sql_builder.go:277.9,280.4 2 4
github.com/rweebs/cdc-bowo/internal/app/utils/sql_builder.go:281.3,281.41 1 6
github.com/rweebs/cdc-bowo/internal/app/utils/sql_builder.go:281.41,283.4 1 18
github.com/rweebs/cdc-bowo/internal/app/utils/sql_builder.go:284.3,289.17 6 6
github.com/rweebs/cdc-bowo/internal/app/utils/sql_builder.go:289.17,291.4 1 0
github.com/rweebs/cdc-bowo/internal/app/utils/sql_builder.go:292.3,293.16 2 6
github.com/rweebs/cdc-bowo/internal/app/utils/sql_builder.go:293.16,295.4 1 3
github.com/rweebs/cdc-bowo/internal/app/utils/sql_builder.go:297.2,297.22 1 63
github.com/rweebs/cdc-bowo/internal/app/utils/sql_builder.go:297.22,299.31 2 40
github.com/rweebs/cdc-bowo/internal/app/utils/sql_builder.go:299.31,300.41 1 39
github.com/rweebs/cdc-bowo/internal/app/utils/sql_builder.go:300.41,301.15 1 123
github.com/rweebs/cdc-bowo/internal/app/utils/sql_builder.go:301.15,303.6 1 84
github.com/rweebs/cdc-bowo/internal/app/utils/sql_builder.go:304.5,304.40 1 123
github.com/rweebs/cdc-bowo/internal/app/utils/sql_builder.go:304.40,306.6 1 1
github.com/rweebs/cdc-bowo/internal/app/utils/sql_builder.go:306.11,308.6 1 122
github.com/rweebs/cdc-bowo/internal/app/utils/sql_builder.go:310.9,312.36 2 1
github.com/rweebs/cdc-bowo/internal/app/utils/sql_builder.go:312.36,314.5 1 3
github.com/rweebs/cdc-bowo/internal/app/utils/sql_builder.go:315.4,315.31 1 1
github.com/rweebs/cdc-bowo/internal/app/utils/sql_builder.go:315.31,316.36 1 0
github.com/rweebs/cdc-bowo/internal/app/utils/sql_builder.go:316.36,318.6 1 0
github.com/rweebs/cdc-bowo/internal/app/utils/sql_builder.go:320.4,320.37 1 1
github.com/rweebs/cdc-bowo/internal/app/utils/sql_builder.go:320.37,321.15 1 1
github.com/rweebs/cdc-bowo/internal/app/utils/sql_builder.go:321.15,323.6 1 0
github.com/rweebs/cdc-bowo/internal/app/utils/sql_builder.go:324.5,324.53 1 1
github.com/rweebs/cdc-bowo/internal/app/utils/sql_builder.go:328.3,328.78 1 40
github.com/rweebs/cdc-bowo/internal/app/utils/sql_builder.go:330.2,330.22 1 63
github.com/rweebs/cdc-bowo/internal/app/utils/sql_builder.go:330.22,335.3 3 40
github.com/rweebs/cdc-bowo/internal/app/utils/sql_builder.go:337.2,337.42 1 63
github.com/rweebs/cdc-bowo/internal/app/utils/sql_builder.go:337.42,339.3 1 6
github.com/rweebs/cdc-bowo/internal/app/utils/sql_builder.go:341.2,341.28 1 63
github.com/rweebs/cdc-bowo/internal/app/utils/sql_builder.go:341.28,343.3 1 21
github.com/rweebs/cdc-bowo/internal/app/utils/sql_builder.go:343.8,343.61 1 42
github.com/rweebs/cdc-bowo/internal/app/utils/sql_builder.go:343.61,345.3 1 21
github.com/rweebs/cdc-bowo/internal/app/utils/sql_builder.go:345.8,345.35 1 21
github.com/rweebs/cdc-bowo/internal/app/utils/sql_builder.go:345.35,348.3 2 19
github.com/rweebs/cdc-bowo/internal/app/utils/sql_builder.go:348.8,348.35 1 2
github.com/rweebs/cdc-bowo/internal/app/utils/sql_builder.go:348.36,350.3 0 2
github.com/rweebs/cdc-bowo/internal/app/utils/sql_builder.go:350.8,353.3 2 0
github.com/rweebs/cdc-bowo/internal/app/utils/sql_builder.go:354.2,354.14 1 63
github.com/rweebs/cdc-bowo/internal/app/utils/sql_builder.go:420.146,423.49 3 6
github.com/rweebs/cdc-bowo/internal/app/utils/sql_builder.go:423.49,425.3 1 3
github.com/rweebs/cdc-bowo/internal/app/utils/sql_builder.go:426.2,426.73 1 6
github.com/rweebs/cdc-bowo/internal/app/utils/sql_builder.go:426.73,428.36 2 12
github.com/rweebs/cdc-bowo/internal/app/utils/sql_builder.go:428.36,432.41 3 8
github.com/rweebs/cdc-bowo/internal/app/utils/sql_builder.go:432.41,434.5 1 16
github.com/rweebs/cdc-bowo/internal/app/utils/sql_builder.go:436.4,436.36 1 8
github.com/rweebs/cdc-bowo/internal/app/utils/sql_builder.go:438.3,438.37 1 12
github.com/rweebs/cdc-bowo/internal/app/utils/sql_builder.go:438.37,442.41 3 8
github.com/rweebs/cdc-bowo/internal/app/utils/sql_builder.go:442.41,444.5 1 16
github.com/rweebs/cdc-bowo/internal/app/utils/sql_builder.go:445.4,445.37 1 8
github.com/rweebs/cdc-bowo/internal/app/utils/sql_builder.go:447.3,451.100 5 12
github.com/rweebs/cdc-bowo/internal/app/utils/sql_builder.go:453.2,455.14 2 6
github.com/rweebs/cdc-bowo/internal/app/utils/sql_builder.go:457.51,458.26 1 2
github.com/rweebs/cdc-bowo/internal/app/utils/sql_builder.go:458.26,459.17 1 2
github.com/rweebs/cdc-bowo/internal/app/utils/sql_builder.go:459.17,461.4 1 1
github.com/rweebs/cdc-bowo/internal/app/utils/sql_builder.go:463.2,463.14 1 1
github.com/rweebs/cdc-bowo/internal/app/utils/sql_builder.go:465.130,468.33 3 1
github.com/rweebs/cdc-bowo/internal/app/utils/sql_builder.go:468.33,469.32 1 0
github.com/rweebs/cdc-bowo/internal/app/utils/sql_builder.go:469.32,472.4 2 0
github.com/rweebs/cdc-bowo/internal/app/utils/sql_builder.go:474.2,474.34 1 1
github.com/rweebs/cdc-bowo/internal/app/utils/sql_builder.go:474.34,475.32 1 2
github.com/rweebs/cdc-bowo/internal/app/utils/sql_builder.go:475.32,478.4 2 1
github.com/rweebs/cdc-bowo/internal/app/utils/sql_builder.go:480.2,480.34 1 1
github.com/rweebs/cdc-bowo/internal/app/utils/sql_builder.go:483.128,489.18 6 66
github.com/rweebs/cdc-bowo/internal/app/utils/sql_builder.go:489.18,490.44 1 42
github.com/rweebs/cdc-bowo/internal/app/utils/sql_builder.go:490.44,492.4 1 9
github.com/rweebs/cdc-bowo/internal/app/utils/sql_builder.go:493.8,494.44 1 24
github.com/rweebs/cdc-bowo/internal/app/utils/sql_builder.go:494.44,496.4 1 9
github.com/rweebs/cdc-bowo/internal/app/utils/sql_builder.go:498.2,498.66 1 66
github.com/rweebs/cdc-bowo/internal/app/utils/sql_builder.go:498.66,500.3 1 44
github.com/rweebs/cdc-bowo/internal/app/utils/sql_builder.go:501.2,501.67 1 66
github.com/rweebs/cdc-bowo/internal/app/utils/sql_builder.go:501.67,503.3 1 42
github.com/rweebs/cdc-bowo/internal/app/utils/sql_builder.go:511.2,511.37 1 66
github.com/rweebs/cdc-bowo/internal/app/utils/sql_builder.go:511.37,513.17 2 136
github.com/rweebs/cdc-bowo/internal/app/utils/sql_builder.go:513.17,515.4 1 2
github.com/rweebs/cdc-bowo/internal/app/utils/sql_builder.go:515.9,517.53 2 134
github.com/rweebs/cdc-bowo/internal/app/utils/sql_builder.go:517.53,519.5 1 48
github.com/rweebs/cdc-bowo/internal/app/utils/sql_builder.go:519.10,519.68 1 86
github.com/rweebs/cdc-bowo/internal/app/utils/sql_builder.go:519.68,521.5 1 42
github.com/rweebs/cdc-bowo/internal/app/utils/sql_builder.go:521.10,523.5 1 44
github.com/rweebs/cdc-bowo/internal/app/utils/sql_builder.go:524.4,524.40 1 134
github.com/rweebs/cdc-bowo/internal/app/utils/sql_builder.go:524.40,526.5 1 12
github.com/rweebs/cdc-bowo/internal/app/utils/sql_builder.go:527.4,527.66 1 134
github.com/rweebs/cdc-bowo/internal/app/utils/sql_builder.go:530.2,530.38 1 66
github.com/rweebs/cdc-bowo/internal/app/utils/sql_builder.go:530.38,532.17 2 130
github.com/rweebs/cdc-bowo/internal/app/utils/sql_builder.go:532.17,534.4 1 1
github.com/rweebs/cdc-bowo/internal/app/utils/sql_builder.go:534.9,536.53 2 129
github.com/rweebs/cdc-bowo/internal/app/utils/sql_builder.go:536.53,538.5 1 47
github.com/rweebs/cdc-bowo/internal/app/utils/sql_builder.go:538.10,538.68 1 82
github.com/rweebs/cdc-bowo/internal/app/utils/sql_builder.go:538.68,540.5 1 40
github.com/rweebs/cdc-bowo/internal/app/utils/sql_builder.go:540.10,542.5 1 42
github.com/rweebs/cdc-bowo/internal/app/utils/sql_builder.go:543.4,543.40 1 129
github.com/rweebs/cdc-bowo/internal/app/utils/sql_builder.go:543.40,545.5 1 12
github.com/rweebs/cdc-bowo/internal/app/utils/sql_builder.go:546.4,546.68 1 129
github.com/rweebs/cdc-bowo/internal/app/utils/sql_builder.go:549.2,549.28 1 66
github.com/rweebs/cdc-bowo/internal/app/utils/sql_builder.go:552.106,560.54 7 3
github.com/rweebs/cdc-bowo/internal/app/utils/sql_builder.go:560.54,563.3 2 1
github.com/rweebs/cdc-bowo/internal/app/utils/sql_builder.go:564.2,564.54 1 3
github.com/rweebs/cdc-bowo/internal/app/utils/sql_builder.go:564.54,567.3 2 2
github.com/rweebs/cdc-bowo/internal/app/utils/sql_builder.go:568.2,569.35 2 3
github.com/rweebs/cdc-bowo/internal/app/utils/sql_builder.go:569.35,571.3 1 6
github.com/rweebs/cdc-bowo/internal/app/utils/sql_builder.go:572.2,572.35 1 3
github.com/rweebs/cdc-bowo/internal/app/utils/sql_builder.go:572.35,574.3 1 3
github.com/rweebs/cdc-bowo/internal/app/utils/sql_builder.go:575.2,577.54 3 3
github.com/rweebs/cdc-bowo/internal/app/utils/sql_builder.go:577.54,582.3 3 1
github.com/rweebs/cdc-bowo/internal/app/utils/sql_builder.go:583.2,584.80 2 3
github.com/rweebs/cdc-bowo/internal/app/utils/sql_builder.go:584.80,586.36 2 2
github.com/rweebs/cdc-bowo/internal/app/utils/sql_builder.go:586.36,588.4 1 4
github.com/rweebs/cdc-bowo/internal/app/utils/sql_builder.go:590.2,590.28 1 3
github.com/rweebs/cdc-bowo/internal/app/utils/sql_builder.go:590.28,593.37 3 1
github.com/rweebs/cdc-bowo/internal/app/utils/sql_builder.go:593.37,596.4 1 1
github.com/rweebs/cdc-bowo/internal/app/utils/sql_builder.go:598.2,601.14 3 3
github.com/rweebs/cdc-bowo/internal/app/utils/sql_builder.go:607.148,609.56 2 57
github.com/rweebs/cdc-bowo/internal/app/utils/sql_builder.go:609.56,612.3 1 6
github.com/rweebs/cdc-bowo/internal/app/utils/sql_builder.go:612.8,612.94 1 51
github.com/rweebs/cdc-bowo/internal/app/utils/sql_builder.go:612.94,615.3 1 3
github.com/rweebs/cdc-bowo/internal/app/utils/sql_builder.go:615.8,618.3 1 48
github.com/rweebs/cdc-bowo/internal/app/utils/sql_builder.go:619.2,619.14 1 57
github.com/rweebs/cdc-bowo/internal/app/utils/sql_executor.go:7.68,11.2 2 0
